UNK 0.001378239830955863 6.78869109833613E-5 -4.469891428016126E-5 -0.0016151845920830965 1.195480435853824E-4 0.0011968370527029037 0.001178364735096693 6.028374191373587E-4 1.7689108790364116E-4 6.934446282684803E-4 -7.023597718216479E-4 0.0013645676663145423 -6.298688240349293E-4 0.0010432564886286855 -1.7605791799724102E-4 -3.9128848584368825E-4 -0.0012482384918257594 0.001542899408377707 0.0014437749050557613 -9.379456605529413E-5 0.0014136070385575294 0.0014108835021033883 -2.790346625261009E-4 -0.0010129108559340239 6.277797510847449E-4 0.0012641610810533166 3.815897216554731E-4 0.0014530356274917722 0.0013414629502221942 -2.8566797845996916E-4 7.209390169009566E-4 0.0010682434076443315 -3.498618898447603E-4 -6.410528440028429E-4 6.554782157763839E-5 3.218237543478608E-4 -5.569532513618469E-4 9.3983014812693E-4 7.436676532961428E-4 0.0010349340736865997 -6.40793819911778E-4 0.0010748376371338964 -1.8816848751157522E-4 -9.622921788832173E-5 -9.613156435079873E-4 3.5691758967004716E-4 -8.356809848919511E-4 0.0010176519863307476 -0.0014108853647485375 -1.5417327813338488E-4 -7.613368798047304E-4 0.001585614518262446 -2.997552219312638E-4 -0.001560364617034793 -2.761935174930841E-4 7.71034974604845E-4 -3.9707799442112446E-4 -1.707615447230637E-4 3.3918776898644865E-4 -0.0014452870236709714 2.836751809809357E-4 5.4780244681751356E-5 2.859735395759344E-4 -9.595248266123235E-4 0.0011472387704998255 -0.001416513929143548 9.523171465843916E-4 3.752026823349297E-4 -0.0013403302291408181 0.0014814329333603382 -0.0016351209487766027 0.0012272309977561235 -0.001230150810442865 -8.663916378282011E-4 0.0013665759470313787 -1.5371580957435071E-4 0.001441206899471581 0.001640151720494032 9.637312032282352E-4 1.2064456677762792E-4 -0.0013591102324426174 -0.0015011526411399245 0.0013838710729032755 8.377881604246795E-4 -5.220339517109096E-4 -8.811372681520879E-4 0.0012861487921327353 -9.35350835788995E-4 -0.0012622303329408169 4.5077205868437886E-4 -6.994731375016272E-4 8.242925105150789E-6 -0.0015719006769359112 -5.112392827868462E-4 0.0015065226471051574 -0.0013983428943902254 8.398338104598224E-4 -1.620325492694974E-4 -0.001175792538560927 -0.001484163454733789 8.331849239766598E-4 -2.623640466481447E-4 -0.0016292557120323181 -0.0016513158334419131 0.0013801608001813293 -8.626430062577128E-4 4.8452953342348337E-4 2.604007750051096E-5 7.499458151869476E-4 -3.544991195667535E-4 -0.0013351989910006523 -0.0016578237991780043 -0.0012793053174391389 -0.0012377557577565312 7.588922744616866E-4 8.441112586297095E-4 -4.965589614585042E-4 9.8199094645679E-4 0.001284984522499144 7.254731608554721E-4 -5.957093089818954E-4 -0.0011375007452443242 -8.488683961331844E-4 9.496609563939273E-4 2.1464406745508313E-4 0.001278746873140335 -0.0016384202754125 1.9539236382115632E-4 -0.0013137026689946651 0.0013618848752230406 1.0734399438661058E-5 6.764584686607122E-4 0.0011269962415099144 0.0011865393025800586 9.049991786014289E-5 -6.770481559215114E-5 -0.0011392539599910378 -5.603532772511244E-4 1.8558402371127158E-4 -0.0010383337503299117 -6.643275264650583E-5 -1.6102999506983906E-4 -5.097059183754027E-4 1.6076286556199193E-4 7.017552852630615E-4 -3.473712131381035E-4 0.001182498293928802 -9.680599032435566E-5 5.391661543399096E-4 -0.0015958286821842194 -3.979089960921556E-4 -4.785905184689909E-4 6.420850695576519E-5 0.0015212086727842689 9.239157225238159E-5 3.1162300729192793E-4 -5.880784010514617E-4 -0.0015137167647480965 5.207039648666978E-4 7.483371300622821E-4 -3.2472371822223067E-4 4.076753102708608E-4 -0.0013231235789135098 -0.0014516890514642 -0.0014783606166020036 0.0014627407072111964 -0.0014119409024715424 -2.5833139079622924E-4 -6.562650087289512E-4 0.0010354063706472516 7.312748930417001E-4 -4.31174150435254E-4 -5.796831101179123E-4 8.037138031795621E-4 -3.4368495107628405E-4 4.03735029976815E-4 -1.2723039253614843E-4 5.262561608105898E-4 5.353629821911454E-4 -6.547795492224395E-4 -0.0013632066547870636 0.001646973891183734 0.0014773053117096424 5.440664244815707E-4 0.0013820877065882087 -0.0012686080299317837 2.9679836006835103E-4 0.0010075001046061516 9.60345845669508E-4 3.2369494874728844E-5 -0.0013217448722571135 -5.646454519592226E-4 0.001414325088262558 -0.0015494395047426224 9.060684824362397E-4 -0.0013439339818432927 0.0014263009652495384 -8.635661797598004E-4 0.00164727249648422 -9.492281824350357E-4 3.5827458486892283E-4 -0.0012921395245939493 -8.071470074355602E-4 -9.769044118002057E-4 4.317903658375144E-4 -3.355204898980446E-5 4.194257780909538E-4 4.922522930428386E-4 1.063905147020705E-4 0.0011880274396389723 -5.61254913918674E-4 -5.58711588382721E-4 -8.739937329664826E-4 9.045239421539009E-4 3.898451686836779E-4 0.0010569790611043572 4.2370936716906726E-4 0.0011080728145316243 -3.4168819547630847E-4 7.8850585850887E-5 0.0010465738596394658 -0.0016088519478216767 7.490020943805575E-4 3.349393664393574E-4 8.465287974104285E-4 -4.65795979835093E-4 -0.0010820982279255986 -6.815503002144396E-4 5.503243301063776E-4 0.0014712514821439981 -3.0954141402617097E-4 3.2820782507769763E-4 7.928286213427782E-4 0.0010350336087867618 -4.650423943530768E-5 7.199172396212816E-4 0.001076919841580093 -0.0016580424271523952 -0.001294977031648159 -0.0013918865006417036 3.7778160185553133E-4 0.0010242410935461521 0.0014633707469329238 7.334887777687982E-5 8.308436372317374E-4 9.351829794468358E-5 -0.0016485268715769053 5.721076158806682E-4 -0.001019519753754139 0.0012386349262669683 -0.001070805243216455 0.0014667378272861242 -1.9051233539357781E-4 9.57511889282614E-4 -0.001388859935104847 -0.0015930670779198408 6.977037410251796E-4 -4.899734049104154E-4 1.1557936522876844E-4 0.0014847303973510861 1.7738004680722952E-4 4.4312496902421117E-4 -2.765124954748899E-4 4.789948434336111E-5 8.022228576010093E-5 -0.0011616087285801768 5.802973173558712E-4 0.0013734783278778195 0.0013627997832372785 -0.0015722851967439055 1.1635680857580155E-4 8.152335649356246E-4 1.060744107235223E-4 -0.0016114064492285252 -6.070074159651995E-4 0.0014922519912943244 1.2673536548390985E-4 0.0012725257547572255 -7.924059755168855E-4 -2.6534925564192235E-4 6.018750136718154E-4 -1.6658594540785998E-4 8.184313628589734E-6 4.746093472931534E-4 1.380425674142316E-4 5.815545446239412E-4 5.897514056414366E-4 -0.0015837127575650811 8.019803208298981E-4 9.079932933673263E-4 0.0014818429481238127 -5.430445307865739E-4 -1.4394958270713687E-4 2.207736106356606E-4 -0.0013510475400835276 -7.721275324001908E-5 -0.0014799112686887383 -0.0013453441206365824 0.0012823548167943954 -2.9042144888080657E-4
STOP -0.0015417835675179958 -1.3501773355528712E-4 0.0011388498824089766 -1.7136335372924805E-7 7.647991296835244E-4 -0.0016334858955815434 1.0090768046211451E-4 0.0012170199770480394 0.001435489277355373 4.30409301770851E-4 -2.7115296688862145E-4 0.0015503289178013802 -9.400990675203502E-4 0.0010522067314013839 0.0014253155095502734 -0.0014178742421790957 0.0011138997506350279 0.0011842483654618263 9.537795995129272E-5 -6.794824148528278E-4 2.5579234352335334E-4 -0.001005683559924364 -6.346251466311514E-4 -1.0817487782333046E-4 -8.415495394729078E-4 -7.745049661025405E-4 -9.421129943802953E-4 -0.0015861350111663342 -3.624106466304511E-4 -9.820222621783614E-4 0.0015654180897399783 -0.0010159524390473962 -6.581282359547913E-4 9.873922681435943E-4 -0.0012504697078838944 -1.0925034439424053E-4 -0.001184101914986968 0.0013368430081754923 8.596142288297415E-4 -6.543161580339074E-4 -2.1129051674506627E-5 0.001458932994864881 -7.64670257922262E-4 0.00165970204398036 5.807739216834307E-4 -0.0016583021497353911 -7.979357033036649E-4 8.545388700440526E-4 0.0012935239356011152 -4.108796565560624E-5 0.0011840873630717397 -0.0010608806042000651 6.728138541802764E-4 -1.891670690383762E-4 -0.0013216432416811585 -6.136953015811741E-4 -9.68247652053833E-4 1.746167690725997E-4 5.74861594941467E-4 0.0010515060275793076 -0.0015553436242043972 1.6208489341806853E-6 -0.001541430363431573 -4.927251720800996E-4 -8.381372899748385E-4 -6.805704324506223E-4 -6.855929968878627E-4 -0.001267407787963748 1.7735738947521895E-4 -0.001222317456267774 0.0014571239007636905 3.1861465686233714E-5 0.0011019492521882057 -1.5967855870258063E-4 7.935045287013054E-4 8.083885768428445E-4 9.605346131138504E-4 -0.0012474616523832083 -9.626706596463919E-4 -1.2443482410162687E-4 0.001256261020898819 -1.6174872871488333E-4 -0.00156839145347476 9.789179312065244E-4 -0.001648983801715076 4.545952833723277E-4 3.618985356297344E-4 6.648419075645506E-4 0.0015871234936639667 -0.0011301836930215359 -5.826978012919426E-4 2.6286125648766756E-4 -0.0014128665206953883 0.0015896221157163382 -8.714634459465742E-4 8.31862271297723E-5 0.0015258415369316936 2.4963816395029426E-4 8.082880522124469E-4 3.159157349728048E-4 -3.795748052652925E-4 -9.094586130231619E-5 -1.0724524327088147E-4 -2.47557763941586E-4 -9.601411293260753E-4 9.958241134881973E-4 7.328202482312918E-4 6.888564676046371E-4 2.0988425239920616E-4 7.181167602539062E-4 -2.722045755945146E-4 -6.890853983350098E-4 1.306148333242163E-4 -0.0011539774714037776 -0.0014435668708756566 -5.979576963E-4 -7.478793577320175E-6 -0.0016468680696561933 1.0884642688324675E-4 6.577614694833755E-4 -3.6852865014225245E-4 5.511520430445671E-4 9.014451643452048E-4 -7.726728654233739E-5 0.0014819162897765636 -4.2426903382875025E-4 6.634632882196456E-5 6.56569201964885E-4 -4.829910467378795E-4 -0.0010873540304601192 -5.348351551219821E-4 0.001057325047440827 -9.826325112953782E-4 7.326400373131037E-4 2.248013042844832E-4 -0.0013155483175069094 -0.001033244887366891 5.353890010155737E-4 -8.195690461434424E-4 -2.1156469301786274E-5 -9.918671566992998E-4 -7.647710153833032E-4 0.0011448357254266739 7.100478978827596E-4 -4.5796693302690983E-4 2.5844413903541863E-4 -3.5478928475640714E-4 -0.001598169095814228 0.0014392425073310733 2.8661132091656327E-4 -1.0167420259676874E-4 0.0014602673472836614 2.4141451285686344E-4 -7.09800748154521E-4 -1.0150829621125013E-4 9.233053424395621E-4 -0.0012758878292515874 0.0012475325493142009 -0.001457517733797431 9.798723040148616E-4 -0.0014817561022937298 -4.15968504967168E-4 -0.0011492774356156588 -1.450505806133151E-4 -5.47537230886519E-4 3.085283387918025E-4 3.572861533029936E-5 9.512371034361422E-4 -5.955382948741317E-4 -0.0012956190621480346 0.0014555637026205659 -8.210112573578954E-4 -0.0011885236017405987 -1.8243979138787836E-4 9.772850899025798E-4 -0.0015532507095485926 -0.001158081111498177 -6.244609830901027E-4 1.2480378791224211E-4 9.264778927899897E-4 6.757265073247254E-4 -1.704097812762484E-4 0.0015961569733917713 -0.001002177014015615 -0.0010656795930117369 -2.1359989477787167E-4 -2.7746291016228497E-4 2.4413068604189903E-4 -1.1892487964360043E-4 1.1219282896490768E-4 -2.864252601284534E-4 5.61245484277606E-4 0.0016348258359357715 -0.001253187539987266 8.584366296418011E-4 0.0012659869389608502 -0.001586244790814817 6.243447423912585E-4 -6.243250682018697E-4 1.4107108290772885E-4 6.95668684784323E-4 0.0016648449236527085 -1.3688892067875713E-4 9.749035234563053E-5 2.6092410553246737E-4 -3.258843207731843E-4 -1.1508057650644332E-4 -2.5716889649629593E-4 1.751800300553441E-5 0.001086220145225525 0.001290493062697351 0.0014856120105832815 -2.649270463734865E-4 8.368281414732337E-4 -9.490022785030305E-5 -5.041276453994215E-4 -6.581445340998471E-4 4.1748443618416786E-4 -0.0015679813222959638 2.8010606911266223E-5 -0.0015215581515803933 -6.459313444793224E-4 0.0015334512572735548 -0.0015525877242907882 -2.262154157506302E-4 -0.001358998822979629 -4.2435259092599154E-4 -1.680952263996005E-4 8.394519682042301E-4 0.0012676334008574486 2.2205313143786043E-4 0.001622343435883522 0.0012756423093378544 9.770832257345319E-4 0.001237125601619482 -0.001597285852767527 -0.0015089487424120307 7.827985100448132E-4 -0.0013709247577935457 -0.0011440138332545757 0.0016255456721410155 7.135152700357139E-4 0.0010762065649032593 1.4308352547232062E-4 0.0014026578282937407 3.6879361141473055E-4 -8.559455745853484E-4 -3.8983681588433683E-4 7.366478675976396E-4 -3.003925121447537E-5 0.0014343142975121737 0.0016608015866950154 2.9414932942017913E-4 -6.772767519578338E-4 0.0015842861030250788 -6.706354906782508E-4 -0.0010286186588928103 -7.322509918594733E-5 0.001614732202142477 -0.0011406592093408108 -0.0013166606659069657 0.0014417405473068357 -6.317314691841602E-4 -0.0014809946296736598 2.6321152108721435E-4 3.124835202470422E-4 -1.1058638483518735E-4 0.0016355379484593868 5.9346359194023535E-5 3.540378820616752E-4 -9.970024693757296E-4 -2.5892179110087454E-4 -3.275431226938963E-4 0.0014565610326826572 -3.612799337133765E-4 8.365257526747882E-4 0.0016393341356888413 -0.0012102455366402864 1.4085551083553582E-4 0.0015216096071526408 2.972334623336792E-4 -0.0015407813480123878 0.0012127442751079798 0.001500281854532659 1.2666026304941624E-4 5.976919201202691E-4 -0.001276393886655569 9.767393348738551E-4 7.366647478193045E-4 6.89665088430047E-4 -0.0016602935502305627 0.0010324801551178098 -0.0015112207038328052 1.243638980668038E-4 0.001043817144818604 9.216837352141738E-4 0.0010533762397244573 1.76542998815421E-5 -4.6955148718552664E-5 -9.80347627773881E-4
's 0.0012728464789688587 -6.539885653182864E-4 -0.0010016849264502525 -8.511102059856057E-4 6.876129773445427E-4 -0.0014693470438942313 7.10155873093754E-4 -0.001096036983653903 -0.001265360857360065 9.667308040661737E-5 -5.816715420223773E-4 0.0012339485110715032 5.5204887758009136E-5 0.0015174448490142822 -0.0011576131219044328 0.00148413993883878 5.812571180285886E-5 1.1085088044637814E-4 -9.449566132389009E-4 4.588838783092797E-4 -4.128332657273859E-4 3.2134700450114906E-4 2.970182104036212E-4 9.935556445270777E-4 -0.0014440814265981317 9.834582451730967E-4 7.541928789578378E-4 -2.5661729159764946E-4 -0.001578439841978252 0.0013704346492886543 -5.404854309745133E-4 5.6549470173195E-4 -0.0011259493185207248 0.0011364229721948504 -3.7092913407832384E-4 -7.747100316919386E-4 2.096627140417695E-4 9.092110558412969E-4 -6.015115650370717E-4 0.0012446974869817495 -0.0010656459489837289 -0.0014511120971292257 -9.5246774435509E-5 -7.524919928982854E-4 0.0014898966765031219 7.877943571656942E-4 -3.541497571859509E-4 8.557616965845227E-4 0.0013310954673215747 1.380315952701494E-4 -7.626100559718907E-4 6.837936234660447E-4 -9.117875597439706E-4 -9.326591389253736E-4 9.43645485676825E-4 8.069754112511873E-4 9.714420884847641E-4 -7.6243095099926E-4 0.0013998927315697074 2.742033393587917E-5 -3.8207610487006605E-4 4.385898355394602E-4 0.0015928648645058274 0.0010221181437373161 -0.001309192506596446 -4.3571158312261105E-4 -1.3653375208377838E-4 -9.223193774232641E-5 -7.041188655421138E-4 9.290153393521905E-4 -0.0014653709949925542 -0.0013742785668000579 4.427534877322614E-4 -4.3989435653202236E-4 2.50291486736387E-4 1.459595514461398E-4 -8.610973018221557E-4 -8.466921281069517E-4 0.0016252284403890371 0.0016156097408384085 -9.758874657563865E-4 5.337244947440922E-4 -4.2006303556263447E-4 2.2964288655202836E-4 2.7051515644416213E-4 3.7805468309670687E-4 -2.122678852174431E-4 -7.092200103215873E-4 -0.0015655278693884611 9.89324413239956E-4 2.4376467990805395E-5 -4.957343335263431E-4 -0.0011297784512862563 -8.043678244575858E-4 8.562511648051441E-4 0.0014512513298541307 7.655342924408615E-4 -1.7706830112729222E-4 0.0013343736063688993 -0.0015432409709319472 9.303496335633099E-4 8.65443202201277E-4 -0.0010888593969866633 0.0012878569541499019 6.052115350030363E-4 1.798569574020803E-4 -0.001472035190090537 -7.886471576057374E-4 -1.0687551366572734E-5 6.838935660198331E-4 -3.2474001636728644E-4 -5.749887204729021E-4 -0.0013759612338617444 -6.626870017498732E-4 2.0670924277510494E-4 0.0014575376408174634 -5.964958108961582E-4 -0.0010873290011659265 -8.626226335763931E-4 0.0010952010052278638 -2.9748480301350355E-4 -8.530881023034453E-4 8.223081240430474E-4 -9.168174583464861E-4 2.6414176682010293E-4 -0.0016532042063772678 0.001161513035185635 6.402243161574006E-4 0.0010559235233813524 -0.0012709754519164562 3.875669790431857E-4 8.080895058810711E-4 -0.0013756415573880076 -1.384886709274724E-4 -2.215914719272405E-5 0.0016314680688083172 -0.0012146125081926584 8.45990318339318E-4 0.001549365115351975 -5.392627790570259E-4 2.672216505743563E-4 -5.172677338123322E-4 8.054557838477194E-4 8.881036192178726E-4 -0.0011038806987926364 9.030558867380023E-4 -5.934784421697259E-4 5.971803329885006E-4 -0.0011971212225034833 0.0011800907086580992 2.1097327407915145E-4 5.396606284193695E-4 5.540567799471319E-4 -0.0013043858343735337 3.9796813507564366E-4 8.299098117277026E-4 5.7346907851751894E-5 9.368169121444225E-4 0.0015683892415836453 -5.477507947944105E-4 0.0012136627919971943 -4.2375887278467417E-4 3.403760783839971E-4 5.229356465861201E-4 7.551831658929586E-4 -0.0012011108919978142 4.7459013876505196E-4 -7.726482581347227E-4 -0.00130216043908149 -0.00134973821695894 -0.001260307035408914 0.0014176956610754132 0.0015955663984641433 0.001368290395475924 -7.849705871194601E-4 7.822583429515362E-4 -0.001257649390026927 6.808663601987064E-5 2.7350522577762604E-4 0.0012533070985227823 3.766334557440132E-4 9.587304084561765E-4 0.0016139347571879625 2.0090307225473225E-4 -9.510424570180476E-4 -2.2044061915948987E-4 -0.0016081564826890826 0.001187981222756207 4.604091518558562E-4 4.115430638194084E-4 0.0012536814901977777 -0.0010724483290687203 -6.432067311834544E-5 0.0015502282185479999 -6.396851385943592E-4 0.0014705354114994407 4.937335033901036E-4 4.719709977507591E-4 0.0010176087962463498 -6.257134373299778E-4 -0.0016557181952521205 -1.7787345859687775E-4 -7.560522644780576E-4 -5.1062179409200326E-5 5.618563736788929E-4 7.32016225811094E-4 2.3766749654896557E-4 -7.967213168740273E-4 4.8607532517053187E-4 5.058270180597901E-4 -8.748825639486313E-4 -4.0662416722625494E-4 -2.3042852990329266E-4 -0.0013736909022554755 -3.350426850374788E-4 -0.001289364998228848 5.388632416725159E-5 4.7102238750085235E-4 -2.337821206310764E-4 0.0012354450300335884 -6.620074273087084E-4 0.0011807266855612397 -4.0770129999145865E-4 -0.0011890118476003408 -0.0013131381710991263 5.402048700489104E-4 -4.177523369435221E-4 -5.824962281621993E-4 -0.0010539164068177342 0.001036362606100738 0.001062775612808764 9.796483209356666E-5 -0.0016482879873365164 9.265420958399773E-4 6.257682107388973E-4 9.03935229871422E-4 -0.001437611528672278 1.5491413068957627E-4 -0.0014246786013245583 3.5876870970241725E-4 0.0010717599652707577 -8.188675856217742E-4 -3.669977595563978E-4 -0.0010179461678490043 -0.0013198714004829526 2.562573936302215E-4 2.3913627956062555E-4 -4.6444887993857265E-4 -0.0013727600453421474 -8.265824872069061E-4 -2.8222036780789495E-4 -2.9302138136699796E-4 -0.0010248215403407812 -0.0013164123520255089 4.593922640196979E-4 5.8200545026920736E-5 9.780172258615494E-4 -8.572708466090262E-4 5.102853756397963E-4 -8.239356684498489E-4 -4.07630705012707E-6 -2.1453977387864143E-4 7.933495217002928E-4 0.001086917705833912 6.156881572678685E-4 3.0880465055815876E-4 1.6565424448344857E-4 -1.9867555238306522E-4 8.617367129772902E-4 0.0012556095607578754 -1.8386708688922226E-4 -1.2307483120821416E-4 -0.0014155779499560595 0.0016323982272297144 -4.0081882616505027E-4 -0.0013935822062194347 -0.0010974517790600657 5.97751815803349E-4 -0.0014203492319211364 -4.224881704431027E-4 1.7722115444485098E-4 -2.2992755111772567E-4 7.54733569920063E-4 4.6622681111330166E-5 -8.921492262743413E-4 0.0012900513829663396 1.750817900756374E-4 -7.088586571626365E-4 6.271207239478827E-4 5.548502085730433E-4 0.0014154637465253472 0.0015663332305848598 -0.0012659624917432666 -0.0014335846062749624 3.205621615052223E-4 -8.220997406169772E-4 -5.35842904355377E-4 -2.480445837136358E-4 -0.0011005554115399718 -0.0011180517030879855
time 9.231416624970734E-4 0.0012888734927400947 -7.205554866231978E-4 -0.0016111385775730014 0.0011450223391875625 0.0011768615804612637 5.49084332305938E-4 -0.001379419001750648 0.0016195105854421854 -4.106124397367239E-4 -0.00113025086466223 0.0011139517882838845 0.0016758483834564686 3.744641726370901E-4 1.974445185624063E-4 6.875605904497206E-4 -6.333832425298169E-5 -4.428564861882478E-4 -8.256408618763089E-4 -0.0010266902390867472 -7.038683397695422E-4 1.9588039140217006E-4 -0.0013159125810489058 -3.882013261318207E-4 -0.0016503165243193507 -0.0014880019007250667 -5.73701981920749E-4 1.289405336137861E-4 1.3449171092361212E-4 -6.99693220667541E-4 -0.0010436865268275142 -0.0015575309516862035 -5.505335866473615E-4 5.948758334852755E-4 -0.0015884200111031532 8.619630825705826E-4 0.0013338701101019979 -4.185657307971269E-4 -0.00165059813298285 0.001170537550933659 -0.0010552440071478486 -4.604478890541941E-4 8.660585153847933E-4 0.0012120247120037675 -0.0014617493143305182 4.387812514323741E-4 0.0015398297691717744 -6.727433355990797E-5 6.435751856770366E-5 -0.0014295929577201605 0.001397057087160647 -0.0011215329868718982 -9.918491123244166E-4 -4.8565035103820264E-4 -0.0013091692235320807 -5.417116335593164E-4 9.428815683349967E-4 7.455481681972742E-4 9.864061139523983E-4 0.0013531609438359737 -8.94740573130548E-4 -2.7163702179677784E-4 -9.008426568470895E-4 -5.471935728564858E-4 0.0014775835443288088 5.82729815505445E-4 0.0012601331109181046 0.001239424105733633 0.0011098668910562992 -6.950151291675866E-4 -0.0012546138605102897 -3.31937859300524E-4 -0.0011097003007307649 5.083160795038566E-5 2.546960604377091E-4 3.235429176129401E-5 -5.878365482203662E-4 1.9483531650621444E-4 0.0013692546635866165 5.689525860361755E-4 -0.0014762396458536386 1.473445154260844E-4 3.8138448871904984E-5 7.48358725104481E-4 -1.0727143671829253E-4 -1.950148434843868E-4 6.658192723989487E-4 0.0012557897716760635 -0.0011647014180198312 0.0010015362640842795 8.692705305293202E-4 0.0010047268588095903 -2.7946438058279455E-4 2.0483262778725475E-4 3.495005366858095E-4 0.0011522130807861686 4.49635146651417E-4 1.9315519239171408E-5 0.001489903312176466 2.872406330425292E-4 -5.603024619631469E-4 0.0016503812512382865 -6.035715923644602E-4 0.0012066710041835904 -0.001078098895959556 5.63787529245019E-4 -5.024269285058836E-7 -1.4876964269205928E-4 -0.0012235247995704412 -0.0012461284641176462 0.0016503626247867942 -4.270158242434263E-4 0.0010323238093405962 -0.0010948462877422571 -1.5435234672622755E-5 0.001211963826790452 2.6819086633622646E-4 0.0011941909324377775 0.0016603973926976323 -3.4698712988756597E-4 -0.0016477570170536637 0.0012021490838378668 -7.664849399589002E-4 -2.9136191005818546E-4 -0.0011540097184479237 0.0010071457363665104 -9.570335387252271E-4 8.170136716216803E-4 -0.001564477919600904 -0.0015856618992984295 -5.273033166304231E-4 9.592881542630494E-4 -7.762498571537435E-4 5.907792947255075E-4 -1.4109558833297342E-5 0.0016261015553027391 9.211467695422471E-4 0.0016519095515832305 -6.110869580879807E-4 0.0012902229791507125 5.90907409787178E-4 -6.902007153257728E-4 -0.0013131053419783711 -0.0012445462634786963 -7.624823483638465E-4 6.671887240372598E-4 0.0013573630712926388 -3.704168484546244E-4 -1.480356731917709E-4 0.001616906258277595 -8.065522997640073E-4 0.0012715973425656557 -0.0011387596605345607 -0.0014819155912846327 9.969869861379266E-4 -0.0014770081033930182 0.0014962838031351566 2.772804582491517E-4 -4.845535440836102E-4 4.0106006781570613E-4 0.0013924664817750454 -2.919168910011649E-4 4.3706424185074866E-4 -0.0015236071776598692 -0.001438709208741784 -0.0015870408387854695 5.440232926048338E-4 -0.001181830302812159 4.8289893311448395E-4 0.0016645194264128804 -4.706393519882113E-4 -0.0014162262668833137 -0.0016500179190188646 -0.0011625982588157058 -0.0011773825390264392 0.0015879322309046984 -7.267018663696945E-4 -6.158085307106376E-4 -8.278828463517129E-4 -0.0014892230974510312 -0.0012952539836987853 -0.0015258804196491838 5.590139189735055E-4 -9.574751020409167E-4 -2.792642335407436E-4 -0.0014992831274867058 1.8236454343423247E-4 -7.09084197296761E-5 0.0010217176750302315 -0.0016418166924268007 -6.789701874367893E-4 0.0013882142957299948 -1.916173059726134E-4 -8.02130380179733E-4 -0.0012978733284398913 -6.05622073635459E-4 -4.4341679313220084E-5 0.0014486575964838266 -0.0014796446776017547 1.3067842519376427E-4 -8.001768728718162E-4 0.0013301098952069879 1.397896630805917E-5 -0.0015574224526062608 -1.4209288929123431E-4 -0.00166195014026016 -0.001603976241312921 9.664979297667742E-4 -6.581931374967098E-4 -0.0015453859232366085 -0.0015659977216273546 0.0014767064712941647 0.0013988504651933908 0.0013166374992579222 8.706743828952312E-4 0.0011271144030615687 7.101706432877108E-5 0.0015733904438093305 -9.062428143806756E-4 5.051727639511228E-4 -9.590255795046687E-4 9.142205817624927E-4 -0.0011711057741194963 -9.389620972797275E-4 -7.79277179390192E-4 0.0012651875149458647 -0.0010888122487813234 -6.874847458675504E-4 6.009895587339997E-4 0.0013495900202542543 2.9896877822466195E-4 -0.0013704393059015274 -2.5496992748230696E-4 1.733346471155528E-5 6.648185662925243E-4 -3.588062827475369E-4 -3.118468157481402E-4 -8.102657011477277E-5 5.212526302784681E-4 7.775409030728042E-4 -0.0015070382505655289 0.0010308759519830346 -9.492329554632306E-4 8.919009123928845E-4 1.9834806153085083E-4 3.7436792626976967E-4 -0.0012402641586959362 -0.0016100596403703094 -0.0011904601706191897 5.096548120491207E-4 0.0016018340829759836 0.0016754834214225411 -4.337136051617563E-4 4.8176999553106725E-4 0.0013512361329048872 -0.0012880024733021855 0.0016563280951231718 -1.1855421325890347E-4 -0.0016733875963836908 0.0010598639491945505 0.0013710383791476488 4.247437173034996E-4 4.2588633368723094E-4 0.0013329838402569294 0.0010802559554576874 9.857448749244213E-4 7.583678234368563E-4 -0.0013196837389841676 -5.112203652970493E-4 -2.88099457975477E-4 6.234841566765681E-5 5.616150447167456E-4 -0.0016410627868026495 0.0010039391927421093 0.0011808987474069 7.520457729697227E-4 -0.0010054823942482471 2.2951212304178625E-4 0.0011466232826933265 0.001278267940506339 -0.0011677993461489677 7.126396521925926E-4 -9.293291950598359E-4 -2.1457791444845498E-4 -0.0012482487363740802 7.826229557394981E-4 -0.0014389768475666642 -5.14664534421172E-5 -8.563719457015395E-4 -4.7561703831888735E-4 -0.0011932386551052332 7.965411641635001E-4 -0.0015335003845393658 -0.0013677851529791951 -0.0014973788056522608 -0.0015812366036698222 -6.3322763890028E-4 -0.0011033545015379786 -0.0012884103925898671 -3.2483358518220484E-4
nt -3.417640982661396E-4 -9.630282875150442E-4 -4.423990903887898E-4 2.6912292014458217E-5 0.0015130001120269299 7.396064465865493E-4 4.14152949815616E-4 8.181671000784263E-5 0.00100698450114578 -6.778637907700613E-5 -5.727899842895567E-4 9.847350884228945E-4 -2.3660024453420192E-4 -4.533721075858921E-4 0.001502221799455583 -4.434642323758453E-4 0.0011158310808241367 -3.7753829383291304E-4 -3.599943593144417E-4 -4.481952346395701E-4 -4.3711840407922864E-4 -9.513437980785966E-4 5.118141416460276E-4 -0.0011846628040075302 -3.8220544229261577E-4 4.7457177424803376E-4 2.034825156442821E-4 -0.001071093138307333 -0.001586672617122531 0.0013801860623061657 6.773797795176506E-4 -3.2372394343838096E-4 -0.0010585354175418615 -0.0016212398186326027 -0.0011223081964999437 -6.699192454107106E-4 3.5630066122394055E-5 4.47326892754063E-4 6.280590896494687E-4 0.0010495708556845784 0.0010824925266206264 -7.550149894086644E-5 0.00163804751355201 7.812510011717677E-4 6.005535251460969E-4 1.8254797032568604E-4 -0.0011962199350818992 -9.269590955227613E-4 -0.0014817514456808567 -0.0014296829467639327 0.0011742317583411932 -8.63129214849323E-4 7.913120789453387E-4 -8.453055052086711E-4 -0.001356216729618609 -5.068760947324336E-4 8.779503987170756E-4 -0.0015752023318782449 -2.2015174181433395E-5 4.4413586147129536E-4 0.0014128043549135327 2.5613029720261693E-4 2.0541746926028281E-4 -4.10153268603608E-4 -6.312036421149969E-4 8.045764989219606E-4 -7.821840117685497E-4 -0.00121253018733114 0.001016633934341371 7.47164071071893E-4 -1.743761677062139E-4 4.6400766586884856E-4 5.772974109277129E-4 0.0014434061013162136 -0.0014993317890912294 -4.1159012471325696E-4 3.2475829357281327E-4 0.0012940011220052838 4.208155442029238E-4 0.0010037674801424146 -0.0014496512012556195 -7.156558567658067E-4 6.914011901244521E-4 -0.0013247090391814709 -0.0014694336568936706 -1.2974918354302645E-4 -5.588451167568564E-4 -5.60504908207804E-4 -5.401130765676498E-4 -0.0011491809273138642 -0.0015046257758513093 7.778370636515319E-4 6.951878312975168E-4 -4.138555086683482E-4 7.435806328430772E-4 0.0015887997578829527 9.391107014380395E-4 0.0013370674569159746 -2.3338338360190392E-4 -0.0015077979769557714 5.247913068160415E-4 8.900131797417998E-4 0.0011976738460361958 -0.0011136933462694287 7.431404083035886E-4 0.001488956855610013 4.2715389281511307E-4 7.760333828628063E-4 -7.512258598580956E-4 -5.891338223591447E-4 1.0480344644747674E-4 -0.0016013634158298373 7.562621613033116E-4 -6.661830120719969E-4 5.805412656627595E-4 -8.954604709288105E-6 6.153285503387451E-4 2.991437941091135E-5 -2.1327137801563367E-5 -5.940169212408364E-4 -4.987145657651126E-4 7.838550955057144E-4 9.383779834024608E-4 7.347806240431964E-4 -2.6263605104759336E-4 9.205732494592667E-4 0.0014360767090693116 -7.178746745921671E-4 0.001618293346837163 -0.0016302273143082857 -3.1825859332457185E-4 -0.0014998489059507847 0.0016509615816175938 0.0012480729492381215 8.532468345947564E-4 8.528729085810483E-5 -0.001117459498345852 0.0011186840711161494 0.0015339747769758105 0.0014508654130622745 -9.339174721390009E-4 5.8158038882538676E-5 -8.083392167463899E-4 -7.307808846235275E-4 0.001267906278371811 5.448144511319697E-4 -4.5469909673556685E-4 1.5467464982066303E-4 -3.330599283799529E-4 1.424036454409361E-4 0.001600743504241109 0.0014390351716428995 9.949507657438517E-4 -4.7028065637277905E-6 -3.140110638923943E-4 -7.121477392502129E-4 -6.995510193519294E-4 -0.0015115990536287427 -5.582506419159472E-4 7.86872289609164E-4 7.622009725309908E-4 3.0180235626176E-4 6.714934133924544E-4 6.911029340699315E-4 -1.726427726680413E-4 -0.0013597968500107527 -0.001047039870172739 0.0012183964718133211 -0.0016366494819521904 -7.250552298501134E-4 -1.5830328629817814E-4 3.2079199445433915E-4 4.8732259892858565E-4 4.507935082074255E-4 9.480955195613205E-4 -0.001212674891576171 -8.373332093469799E-4 -6.462009041570127E-4 7.038833573460579E-4 -0.0011747803073376417 4.822085320483893E-4 -0.0016533455345779657 4.513991007115692E-4 0.0013220608234405518 0.001141790533438325 0.001320053357630968 9.975605644285679E-4 -7.294025854207575E-4 -0.0014366604154929519 -7.075379253365099E-4 7.326062768697739E-4 -5.930585903115571E-4 0.0014173368690535426 -0.001453853095881641 -9.91937704384327E-4 -0.001666530966758728 6.883481983095407E-4 0.001442716340534389 5.320578929968178E-4 4.268654156476259E-4 -9.852980729192495E-4 2.5626819115132093E-4 -8.670379756949842E-4 -3.295568749308586E-4 -0.0013812471879646182 -7.500118226744235E-4 6.370071787387133E-4 0.0010650039184838533 0.0013093610759824514 0.0012075678678229451 0.0016363493632525206 -4.8212677938863635E-4 -0.0010941579239442945 9.24121355637908E-4 -6.01975538302213E-4 -7.273227092809975E-4 -4.8694878933019936E-4 -0.0015464406460523605 0.0014207041822373867 -2.2784402244724333E-4 6.281470996327698E-4 1.7269988893531263E-4 -5.714980652555823E-4 -5.83663466386497E-4 -4.3544371146708727E-4 0.0012281691888347268 7.28159153368324E-4 0.0010415824363008142 -1.1795163118222263E-5 -8.260884787887335E-4 5.491496995091438E-4 0.001008373685181141 -9.841819519351702E-6 0.0015332746552303433 4.241422866471112E-4 -2.5937476311810315E-4 -0.0013159639202058315 0.0013455312000587583 -0.0014723516069352627 -0.0013976371847093105 0.0014417835045605898 4.400110337883234E-4 3.5051762824878097E-4 9.841257706284523E-4 0.0011122234864160419 0.0014654285041615367 8.522069547325373E-4 0.0014272520784288645 0.0014716031728312373 9.736085194163024E-4 -9.711096645332873E-4 0.0016614814521744847 7.284442544914782E-4 -6.897758576087654E-4 -0.001300470670685172 -6.357831880450249E-4 -4.615594807546586E-4 -0.0013413602719083428 -6.66037027258426E-4 -7.65619392041117E-4 5.370050785131752E-4 -0.00158510054461658 0.0016502529615536332 7.027707761153579E-4 1.263155572814867E-4 0.0010095025645568967 -0.0011512516066432 1.2727281136903912E-4 9.83859645202756E-4 5.561212674365379E-5 3.700556408148259E-4 -3.693908511195332E-4 0.001205228385515511 0.001144424662925303 6.21044251602143E-4 -0.0015072495443746448 5.547990440391004E-4 2.833582984749228E-4 -0.001523472834378481 9.449513745494187E-4 0.0012351131299510598 -0.0014492743648588657 -0.0015536003047600389 7.24616227671504E-4 -0.0014892936451360583 3.8751662941649556E-4 -0.0011671297252178192 7.29215913452208E-4 -2.785507822409272E-4 -5.843400867888704E-5 -0.0011439413065090775 -0.0015723406104370952 -0.0014880523085594177 -6.651643197983503E-4 0.00104817864485085 6.00986706558615E-4 -0.0013081565266475081 0.0012871237704530358 0.0012726049171760678 -1.2069592776242644E-4
